
> aurex-os@0.1.0 build
> next build apps/web

▲ Next.js 16.3.8 (Turbopack)
- Environments: .env.local
✓ Running next.config.ts took 30ms

  Creating an optimized production build ...
✓ Compiled successfully in 890ms
  Running TypeScript ...
  Finished TypeScript in 2.5s ...
  Collecting page data using 4 workers ...
  Generating static pages using 4 workers (0/11) ...
  Generating static pages using 4 workers (2/11) 
  Generating static pages using 4 workers (5/11) 
  Generating static pages using 4 workers (8/11) 
✓ Generating static pages using 4 workers (11/11) in 260ms
  Finalizing page optimization ...

Route (app)
┌ ○ /
├ ○ /_not-found
├ ƒ /[module]
├ ƒ /api/actions
├ ƒ /api/admin/invite
├ ƒ /api/admin/members
├ ƒ /api/auth
├ ƒ /api/data
├ ƒ /api/health
├ ○ /invite
└ ○ /login


ƒ Proxy (Middleware)

○  (Static)   prerendered as static content
ƒ  (Dynamic)  server-rendered on demand

